usr/bin/base64
usr/bin/bash
usr/bin/busybox
usr/bin/cat
usr/bin/chattr
usr/bin/chgrp
usr/bin/chmod
usr/bin/chown
usr/bin/clear
usr/bin/cp
usr/bin/curl
usr/bin/cut
usr/bin/date
usr/bin/dd
usr/bin/df
usr/bin/dialog
usr/bin/diff
usr/bin/dirname
usr/bin/dmesg
usr/bin/du
usr/bin/efivar
usr/bin/egrep
usr/bin/env
usr/bin/expand
usr/bin/false
usr/bin/fgrep
usr/bin/file
usr/bin/find
usr/bin/fmt
usr/bin/fuser
usr/bin/grep
usr/bin/groff
usr/bin/grotty
usr/bin/grub-editenv
usr/bin/grub-mkimage
usr/bin/grub-mkrelpath
usr/bin/gunzip
usr/bin/gzip
usr/bin/head
usr/bin/hostname
usr/bin/install
usr/bin/ipcalc
usr/bin/ipcrm
usr/bin/ipcs
usr/bin/kill
usr/bin/killall
usr/bin/less
usr/bin/ln
usr/bin/loadkeys
usr/bin/logger
usr/bin/login
usr/bin/ls
usr/bin/lsmod
usr/bin/lsusb
usr/bin/man
usr/bin/mandb
usr/bin/mkdir
usr/bin/mkfifo
usr/bin/mknod
usr/bin/more
usr/bin/mount
usr/bin/mv
usr/bin/nroff
usr/bin/openssl
usr/bin/passwd
usr/bin/pidof
usr/bin/ps
usr/bin/pwd
usr/bin/readlink
usr/bin/rm
usr/bin/rmdir
usr/bin/run-parts
usr/bin/sed
usr/bin/sh
usr/bin/sort
usr/bin/ssh-keygen
usr/bin/stty
usr/bin/sync
usr/bin/tail
usr/bin/tar
usr/bin/tbl
usr/bin/tee
usr/bin/touch
usr/bin/troff
usr/bin/true
usr/bin/tty
usr/bin/umount
usr/bin/uname
usr/bin/uniq
usr/bin/unxz
usr/bin/usleep
usr/bin/wc
usr/bin/xz
usr/libexec/man-db/manconv
usr/libexec/man-db/zsoelim
usr/sbin/acpid
usr/sbin/blkid
usr/sbin/blockdev
usr/sbin/chpasswd
usr/sbin/chroot
usr/sbin/crond
usr/sbin/dhclient
usr/sbin/dmidecode
usr/sbin/e2fsck
usr/sbin/efibootmgr
usr/sbin/fsck
usr/sbin/fsck.ext2
usr/sbin/fsck.ext3
usr/sbin/fsck.ext4
usr/sbin/fsck.fat
usr/sbin/fsck.vfat
usr/sbin/fsck.reiserfs
usr/sbin/grub-bios-setup
usr/sbin/grub-install
usr/sbin/grub-probe
usr/sbin/halt
usr/sbin/hwclock
usr/sbin/ifdown
usr/sbin/ifup
usr/sbin/init
usr/sbin/insmod
usr/sbin/ip
usr/sbin/killall5
usr/sbin/klogd
usr/bin/kmod
usr/sbin/losetup
usr/sbin/lspci
usr/sbin/lvcreate
usr/sbin/lvdisplay
usr/sbin/lvextend
usr/sbin/lvm
usr/sbin/lvreduce
usr/sbin/lvremove
usr/sbin/mdadm
usr/sbin/mdadm.static
usr/sbin/mke2fs
usr/sbin/mkfs
usr/sbin/mkfs.ext2
usr/sbin/mkfs.ext3
usr/sbin/mkfs.ext4
usr/sbin/mkfs.fat
usr/sbin/mkfs.vfat
usr/sbin/mkfs.reiserfs
usr/sbin/mkreiserfs
usr/sbin/mkswap
usr/sbin/modprobe
usr/sbin/mount.nfs
usr/sbin/parted
usr/sbin/partprobe
usr/sbin/pvcreate
usr/sbin/pvdisplay
usr/sbin/reboot
usr/sbin/reiserfsck
usr/sbin/reiserfstune
usr/sbin/resize2fs
usr/sbin/resize_reiserfs
usr/sbin/rmmod
usr/sbin/runlevel
usr/sbin/sfdisk
usr/sbin/shutdown
usr/sbin/smartctl
usr/sbin/sshd
usr/sbin/sulogin
usr/sbin/swapoff
usr/sbin/swapon
usr/sbin/sysctl
usr/sbin/telinit
usr/sbin/tune2fs
usr/sbin/udevadm
usr/sbin/udevd
usr/sbin/useradd
usr/sbin/vgchange
usr/sbin/vgcreate
usr/sbin/vgdisplay
usr/sbin/vgextend
usr/sbin/vgreduce
usr/sbin/vgremove
usr/sbin/vgscan
