usr/bin/base64
usr/bin/bash
usr/bin/bc
usr/bin/cat
usr/bin/chmod
usr/bin/clear
usr/bin/cmp
usr/bin/col
usr/bin/cp
usr/bin/curl
usr/bin/cut
usr/bin/date
usr/bin/dialog
usr/bin/diff
usr/bin/dos2unix
usr/bin/du
usr/bin/eqn
usr/bin/expand
usr/bin/expr
usr/bin/false
usr/bin/file
usr/bin/fuser
usr/bin/grep
usr/bin/groff
usr/bin/grotty
usr/bin/gzip
usr/bin/head
usr/bin/htpasswd
usr/bin/install
usr/bin/ipcalc
usr/bin/ldapsearch
usr/bin/less
usr/bin/ln
usr/bin/ls
usr/bin/man
usr/bin/mandb
usr/bin/mkdir
usr/bin/mv
usr/bin/openssl
usr/bin/pcretest
usr/bin/pic
usr/bin/ping
usr/bin/readlink
usr/bin/refer
usr/bin/rm
usr/bin/rsync
usr/bin/scp
usr/bin/sed
usr/bin/sort
usr/bin/squidclient
usr/bin/ssh
usr/bin/ssh-keygen
usr/bin/stty
usr/bin/su
usr/bin/sudo
usr/bin/tac
usr/bin/tail
usr/bin/tbl
usr/bin/tee
usr/bin/touch
usr/bin/tr
usr/bin/traceroute
usr/bin/troff
usr/bin/tty
usr/bin/usleep
usr/local/bin/avscan
usr/local/bin/dig
usr/local/bin/clamscan
usr/local/bin/google-authenticator
usr/local/bin/oathtool
usr/local/bin/sqlite3
usr/sbin/useradd
usr/sbin/userdel
