usr/bin/dirmngr
usr/bin/dirmngr-client
usr/bin/gpg
usr/bin/gpg2
usr/bin/gpg-agent
usr/bin/gpgconf
usr/bin/gpg-connect-agent
usr/bin/gpg-error
usr/bin/gpg-error-config
usr/bin/gpgparsemail
usr/bin/gpgscm
usr/bin/gpgsm
usr/bin/gpgtar
usr/bin/gpgv
usr/bin/gpgv2
usr/bin/pinentry
usr/bin/pinentry-curses
usr/bin/reset
usr/bin/tput
usr/bin/tset

usr/libexec/dirmngr_ldap
usr/libexec/gpg-check-pattern
usr/libexec/gpg-preset-passphrase
usr/libexec/gpg-protect-tool
usr/libexec/gpg-wks-client
usr/libexec/scdaemon

usr/share/gnupg/dirmngr-conf.skel
usr/share/gnupg/distsigkey.gpg
usr/share/gnupg/gpg-conf.skel
usr/share/gnupg/sks-keyservers.netCA.pem
usr/share/man/man1/dirmngr-client.1
usr/share/man/man1/gpg.1
usr/share/man/man1/gpg2.1
usr/share/man/man1/gpg-agent.1
usr/share/man/man1/gpgconf.1
usr/share/man/man1/gpg-connect-agent.1
usr/share/man/man1/gpg-error-config.1
usr/share/man/man1/gpgparsemail.1
usr/share/man/man1/gpg-preset-passphrase.1
usr/share/man/man1/gpgsm.1
usr/share/man/man1/gpgv.1
usr/share/man/man1/gpgv2.1
usr/share/man/man1/reset.1
usr/share/man/man1/scdaemon.1
usr/share/man/man1/tput.1
usr/share/man/man1/tset.1
usr/share/man/man1/which.1
usr/share/man/man8/dirmngr.8
