bin
boot
dev
etc
lib
mnt
proc
run
sbin
sys
tmp
usr/bin/addr2line
usr/bin/awk
usr/bin/base64
usr/bin/basename
usr/bin/bash
usr/bin/bc
usr/bin/busybox
usr/bin/cat
usr/bin/cfn-init
usr/bin/cfn-signal
usr/bin/chattr
usr/bin/chgrp
usr/bin/chmod
usr/bin/choom
usr/bin/chown
usr/bin/clear
usr/bin/cmp
usr/bin/col
usr/bin/cp
usr/bin/crontab
usr/bin/curl
usr/bin/cut
usr/bin/date
usr/bin/db_dump
usr/bin/db_load
usr/bin/db_retrieve
usr/bin/dd
usr/bin/df
usr/bin/dialog
usr/bin/diff
usr/bin/dirname
usr/bin/distro
usr/bin/dmesg
usr/bin/dos2unix
usr/bin/du
usr/bin/echo
usr/bin/efivar
usr/bin/egrep
usr/bin/env
usr/bin/eqn
usr/bin/expand
usr/bin/expr
usr/bin/false
usr/bin/fgrep
usr/bin/file
usr/bin/find
usr/bin/flock
usr/bin/fmt
usr/bin/free
usr/bin/fuser
usr/bin/gawk
usr/bin/getent
usr/bin/grep
usr/bin/groff
usr/bin/grotty
usr/bin/grub-editenv
usr/bin/grub-mkimage
usr/bin/grub-mknetdir
usr/bin/grub-mkrelpath
usr/bin/gunzip
usr/bin/gzip
usr/bin/head
usr/bin/hostname
usr/bin/id
usr/bin/inotifywait
usr/bin/install
usr/bin/iostat
usr/bin/ipcalc
usr/bin/ipcrm
usr/bin/ipcs
usr/bin/kbd_mode
usr/bin/kdestroy
usr/bin/kill
usr/bin/killall
usr/bin/kinit
usr/bin/klist
usr/bin/kmod
usr/bin/lcd4linux
usr/bin/ldapsearch
usr/bin/less
usr/bin/ln
usr/bin/loadkeys
usr/bin/locale
usr/bin/logger
usr/bin/login
usr/bin/ls
usr/bin/lsblk
usr/bin/lsmod
usr/bin/lsusb
usr/bin/man
usr/bin/mandb
usr/bin/mkdir
usr/bin/mkfifo
usr/bin/mknod
usr/bin/more
usr/bin/mount
usr/bin/mountpoint
usr/bin/mpstat
usr/bin/msktutil
usr/bin/mv
usr/bin/nc
usr/bin/neqn
usr/bin/netcat
usr/bin/nice
usr/bin/nohup
usr/bin/nping
usr/bin/nroff
usr/bin/od
usr/bin/omshell
usr/bin/openssl
usr/bin/openvt
usr/bin/passwd
usr/bin/pcretest
usr/bin/pic
usr/bin/pidof
usr/bin/pidstat
usr/bin/ping
usr/bin/ps
usr/bin/pwd
usr/bin/python
usr/bin/python3
usr/bin/python3.10
usr/bin/python3.10-config
usr/bin/python3-config
usr/bin/python-config
usr/bin/readlink
usr/bin/refer
usr/bin/rm
usr/bin/rmdir
usr/bin/rsync
usr/bin/run-parts
usr/bin/sadf
usr/bin/sar
usr/bin/scp
usr/bin/sed
usr/bin/setfont
usr/bin/sh
usr/bin/sleep
usr/bin/snmpget
usr/bin/snmpgetnext
usr/bin/snmptranslate
usr/bin/snmptrap
usr/bin/sort
usr/bin/squidclient
usr/bin/ssh
usr/bin/ssh-keygen
usr/bin/sshfs
usr/bin/stat
usr/bin/stdbuf
usr/bin/stty
usr/bin/su
usr/bin/sudo
usr/bin/sync
usr/bin/tac
usr/bin/tail
usr/bin/tar
usr/bin/taskset
usr/bin/tbl
usr/bin/tcpdump
usr/bin/tee
usr/bin/telnet
usr/bin/top
usr/bin/touch
usr/bin/tr
usr/bin/traceroute
usr/bin/troff
usr/bin/true
usr/bin/tty
usr/bin/umount
usr/bin/uname
usr/bin/uniq
usr/bin/unxz
usr/bin/usleep
usr/bin/utmpdump
usr/bin/vi
usr/bin/vim
usr/bin/vmstat
usr/bin/wc
usr/bin/who
usr/bin/xargs
usr/bin/xz
usr/doc
usr/etc/keepalived/keepalived.conf
usr/etc/openldap/ldap.conf
usr/etc/openldap/schema
usr/lib
usr/libexec/coreutils/libstdbuf.so
usr/libexec/man-db/manconv
usr/libexec/man-db/zsoelim
usr/libexec/nfsrahead
usr/libexec/slapd
usr/libexec/sshd-session
usr/libexec/sshd-auth
usr/local/av
usr/local/bin/c-icap
usr/local/bin/clambc
usr/local/bin/clamdscan
usr/local/bin/clamdtop
usr/local/bin/clamscan
usr/local/bin/dig
usr/local/bin/freshclam
usr/local/bin/google-authenticator
usr/local/bin/oathtool
usr/local/bin/phar
usr/local/bin/php
usr/local/bin/php-cgi
usr/local/bin/php-config
usr/local/bin/phpdbg
usr/local/bin/phpize
usr/local/bin/sigtool
usr/local/bin/sqlite3
usr/local/etc/bind.keys
usr/local/etc/c-icap.conf
usr/local/etc/c-icap.magic
usr/local/etc/ipsec.d
usr/local/etc/strongswan.conf
usr/local/etc/strongswan.d/charon/acert.conf
usr/local/etc/strongswan.d/charon/addrblock.conf
usr/local/etc/strongswan.d/charon/aes.conf
usr/local/etc/strongswan.d/charon/aesni.conf
usr/local/etc/strongswan.d/charon/af-alg.conf
usr/local/etc/strongswan.d/charon/agent.conf
usr/local/etc/strongswan.d/charon/attr.conf
usr/local/etc/strongswan.d/charon/attr-sql.conf
usr/local/etc/strongswan.d/charon/bliss.conf
usr/local/etc/strongswan.d/charon/blowfish.conf
usr/local/etc/strongswan.d/charon/bypass-lan.conf
usr/local/etc/strongswan.d/charon/ccm.conf
usr/local/etc/strongswan.d/charon/certexpire.conf
usr/local/etc/strongswan.d/charon/chapoly.conf
usr/local/etc/strongswan.d/charon/cmac.conf
usr/local/etc/strongswan.d/charon.conf
usr/local/etc/strongswan.d/charon/connmark.conf
usr/local/etc/strongswan.d/charon/constraints.conf
usr/local/etc/strongswan.d/charon/counters.conf
usr/local/etc/strongswan.d/charon/coupling.conf
usr/local/etc/strongswan.d/charon/ctr.conf
usr/local/etc/strongswan.d/charon/curl.conf
usr/local/etc/strongswan.d/charon/curve25519.conf
usr/local/etc/strongswan.d/charon/des.conf
usr/local/etc/strongswan.d/charon/dhcp.conf
usr/local/etc/strongswan.d/charon/dnscert.conf
usr/local/etc/strongswan.d/charon/dnskey.conf
usr/local/etc/strongswan.d/charon/drbg.conf
usr/local/etc/strongswan.d/charon/duplicheck.conf
usr/local/etc/strongswan.d/charon/eap-aka-3gpp2.conf
usr/local/etc/strongswan.d/charon/eap-aka-3gpp.conf
usr/local/etc/strongswan.d/charon/eap-aka.conf
usr/local/etc/strongswan.d/charon/eap-dynamic.conf
usr/local/etc/strongswan.d/charon/eap-gtc.conf
usr/local/etc/strongswan.d/charon/eap-identity.conf
usr/local/etc/strongswan.d/charon/eap-md5.conf
usr/local/etc/strongswan.d/charon/eap-mschapv2.conf
usr/local/etc/strongswan.d/charon/eap-peap.conf
usr/local/etc/strongswan.d/charon/eap-radius.conf
usr/local/etc/strongswan.d/charon/eap-tls.conf
usr/local/etc/strongswan.d/charon/eap-tnc.conf
usr/local/etc/strongswan.d/charon/eap-ttls.conf
usr/local/etc/strongswan.d/charon/error-notify.conf
usr/local/etc/strongswan.d/charon/ext-auth.conf
usr/local/etc/strongswan.d/charon/farp.conf
usr/local/etc/strongswan.d/charon/files.conf
usr/local/etc/strongswan.d/charon/fips-prf.conf
usr/local/etc/strongswan.d/charon/forecast.conf
usr/local/etc/strongswan.d/charon/gcm.conf
usr/local/etc/strongswan.d/charon/gmp.conf
usr/local/etc/strongswan.d/charon/ha.conf
usr/local/etc/strongswan.d/charon/hmac.conf
usr/local/etc/strongswan.d/charon/ipseckey.conf
usr/local/etc/strongswan.d/charon/kernel-netlink.conf
usr/local/etc/strongswan.d/charon/ldap.conf
usr/local/etc/strongswan.d/charon/led.conf
usr/local/etc/strongswan.d/charon/load-tester.conf
usr/local/etc/strongswan.d/charon-logging.conf
usr/local/etc/strongswan.d/charon/lookip.conf
usr/local/etc/strongswan.d/charon/md4.conf
usr/local/etc/strongswan.d/charon/md5.conf
usr/local/etc/strongswan.d/charon/medcli.conf
usr/local/etc/strongswan.d/charon/mgf1.conf
usr/local/etc/strongswan.d/charon/newhope.conf
usr/local/etc/strongswan.d/charon/nonce.conf
usr/local/etc/strongswan.d/charon/ntru.conf
usr/local/etc/strongswan.d/charon/openssl.conf
usr/local/etc/strongswan.d/charon/p-cscf.conf
usr/local/etc/strongswan.d/charon/pem.conf
usr/local/etc/strongswan.d/charon/pgp.conf
usr/local/etc/strongswan.d/charon/pkcs11.conf
usr/local/etc/strongswan.d/charon/pkcs12.conf
usr/local/etc/strongswan.d/charon/pkcs1.conf
usr/local/etc/strongswan.d/charon/pkcs7.conf
usr/local/etc/strongswan.d/charon/pkcs8.conf
usr/local/etc/strongswan.d/charon/pubkey.conf
usr/local/etc/strongswan.d/charon/radattr.conf
usr/local/etc/strongswan.d/charon/random.conf
usr/local/etc/strongswan.d/charon/rc2.conf
usr/local/etc/strongswan.d/charon/rdrand.conf
usr/local/etc/strongswan.d/charon/resolve.conf
usr/local/etc/strongswan.d/charon/revocation.conf
usr/local/etc/strongswan.d/charon/sha1.conf
usr/local/etc/strongswan.d/charon/sha2.conf
usr/local/etc/strongswan.d/charon/sha3.conf
usr/local/etc/strongswan.d/charon/smp.conf
usr/local/etc/strongswan.d/charon/socket-default.conf
usr/local/etc/strongswan.d/charon/socket-dynamic.conf
usr/local/etc/strongswan.d/charon/sql.conf
usr/local/etc/strongswan.d/charon/sshkey.conf
usr/local/etc/strongswan.d/charon/stroke.conf
usr/local/etc/strongswan.d/charon/systime-fix.conf
usr/local/etc/strongswan.d/charon/test-vectors.conf
usr/local/etc/strongswan.d/charon/tnccs-11.conf
usr/local/etc/strongswan.d/charon/tnccs-20.conf
usr/local/etc/strongswan.d/charon/tnccs-dynamic.conf
usr/local/etc/strongswan.d/charon/tnc-ifmap.conf
usr/local/etc/strongswan.d/charon/tnc-imc.conf
usr/local/etc/strongswan.d/charon/tnc-imv.conf
usr/local/etc/strongswan.d/charon/tnc-pdp.conf
usr/local/etc/strongswan.d/charon/tnc-tnccs.conf
usr/local/etc/strongswan.d/charon/tpm.conf
usr/local/etc/strongswan.d/charon/unity.conf
usr/local/etc/strongswan.d/charon/updown.conf
usr/local/etc/strongswan.d/charon/vici.conf
usr/local/etc/strongswan.d/charon/whitelist.conf
usr/local/etc/strongswan.d/charon/x509.conf
usr/local/etc/strongswan.d/charon/xauth-eap.conf
usr/local/etc/strongswan.d/charon/xauth-generic.conf
usr/local/etc/strongswan.d/charon/xauth-noauth.conf
usr/local/etc/strongswan.d/charon/xcbc.conf
usr/local/etc/strongswan.d/starter.conf
usr/local/etc/strongswan.d/swanctl.conf
usr/local/etc/swanctl/swanctl.conf
usr/local/etc/virus_scan.conf
usr/local/lib
usr/local/libexec
usr/local/man
usr/local/php/man/man1/phar.1
usr/local/php/man/man1/php-config.1
usr/local/php/man/man1/php.1
usr/local/php/man/man1/phpize.1
usr/local/php/man/man1/phpdbg.1
usr/local/php/man/man1/phar.phar.1
usr/local/php/man/man1/php-cgi.1
usr/local/sbin/charon-cmd
usr/local/sbin/clamd
usr/local/sbin/ipsec
usr/local/sbin/named
usr/local/sbin/swanctl
usr/local/share/c_icap
usr/local/share/man/man1/clambc.1
usr/local/share/man/man1/clamdscan.1
usr/local/share/man/man1/clamdtop.1
usr/local/share/man/man1/clamscan.1
usr/local/share/man/man1/dig.1
usr/local/share/man/man1/freshclam.1
usr/local/share/man/man1/google-authenticator.1
usr/local/share/man/man1/ntpd.1
usr/local/share/man/man1/ntpq.1
usr/local/share/man/man1/oathtool.1
usr/local/share/man/man1/sigtool.1
usr/local/share/man/man5/clamd.conf.5
usr/local/share/man/man5/freshclam.conf.5
usr/local/share/man/man5/ipsec.conf.5
usr/local/share/man/man5/named.conf.5
usr/local/share/man/man5/ntp.conf.5
usr/local/share/man/man5/strongswan.conf.5
usr/local/share/man/man5/swanctl.conf.5
usr/local/share/man/man8/charon-cmd.8
usr/local/share/man/man8/c-icap.8
usr/local/share/man/man8/clamd.8
usr/local/share/man/man8/ipsec.8
usr/local/share/man/man8/named.8
usr/local/share/man/man8/pam_google_authenticator.8
usr/local/share/man/man8/swanctl.8
usr/local/var
usr/man
usr/sbin/acpid
usr/sbin/agetty
usr/sbin/anacron
usr/sbin/arptables
usr/sbin/arptables-nft
usr/sbin/arptables-nft-restore
usr/sbin/arptables-nft-save
usr/sbin/arptables-restore
usr/sbin/arptables-save
usr/sbin/badblocks
usr/sbin/blkid
usr/sbin/blockdev
usr/sbin/chpasswd
usr/sbin/chroot
usr/sbin/crond
usr/sbin/depmod
usr/sbin/dhclient
usr/sbin/dhcpd
usr/sbin/dmidecode
usr/sbin/e2fsck
usr/sbin/efibootmgr
usr/sbin/ethtool
usr/sbin/fsck
usr/sbin/fsck.ext2
usr/sbin/fsck.ext3
usr/sbin/fsck.ext4
usr/sbin/fsck.fat
usr/sbin/fsck.vfat
usr/sbin/fsck.reiserfs
usr/sbin/grub-bios-setup
usr/sbin/grub-install
usr/sbin/grub-probe
usr/sbin/halt
usr/sbin/hwclock
usr/sbin/ifdown
usr/sbin/ifup
usr/sbin/init
usr/sbin/insmod
usr/sbin/ip
usr/sbin/ipset
usr/sbin/iptables
usr/sbin/iptables-legacy
usr/sbin/iptables-legacy-restore
usr/sbin/iptables-legacy-save
usr/sbin/iptables-nft
usr/sbin/iptables-nft-restore
usr/sbin/iptables-nft-save
usr/sbin/iptables-restore
usr/sbin/iptables-restore-translate
usr/sbin/iptables-save
usr/sbin/iptables-translate
usr/sbin/keepalived
usr/sbin/killall5
usr/sbin/klogd
usr/sbin/logrotate
usr/sbin/losetup
usr/sbin/lspci
usr/sbin/lvcreate
usr/sbin/lvdisplay
usr/sbin/lvextend
usr/sbin/lvm
usr/sbin/lvreduce
usr/sbin/lvremove
usr/sbin/lvresize
usr/sbin/mdadm
usr/sbin/mdadm.static
usr/sbin/mke2fs
usr/sbin/mkfs
usr/sbin/mkfs.ext2
usr/sbin/mkfs.ext3
usr/sbin/mkfs.ext4
usr/sbin/mkfs.fat
usr/sbin/mkfs.vfat
usr/sbin/mkfs.reiserfs
usr/sbin/mkreiserfs
usr/sbin/mkswap
usr/sbin/modprobe
usr/sbin/mount.fuse.sshfs
usr/sbin/mount.fuse3
usr/sbin/mount.nfs
usr/sbin/mount.nfs4
usr/sbin/msktutil
usr/sbin/ntpd
usr/sbin/ntpdate
usr/sbin/ntpq
usr/sbin/parted
usr/sbin/partprobe
usr/sbin/poweroff
usr/sbin/pvcreate
usr/sbin/pvdisplay
usr/sbin/reboot
usr/sbin/reiserfsck
usr/sbin/reiserfstune
usr/sbin/resize2fs
usr/sbin/resize_reiserfs
usr/sbin/rmmod
usr/sbin/rsyslogd
usr/sbin/runlevel
usr/sbin/sfdisk
usr/sbin/shutdown
usr/sbin/slaptest
usr/sbin/smartctl
usr/sbin/smartd
usr/sbin/snmpd
usr/sbin/snmptrapd
usr/sbin/ss
usr/sbin/sshd
usr/sbin/ssmtp
usr/sbin/sulogin
usr/sbin/swapoff
usr/sbin/swapon
usr/sbin/sysctl
usr/sbin/tc
usr/sbin/telinit
usr/sbin/tmpwatch
usr/sbin/tune2fs
usr/sbin/udevadm
usr/sbin/udevd
usr/sbin/umount.nfs
usr/sbin/umount.nfs4
usr/sbin/useradd
usr/sbin/userdel
usr/sbin/vgchange
usr/sbin/vgcreate
usr/sbin/vgdisplay
usr/sbin/vgextend
usr/sbin/vgreduce
usr/sbin/vgremove
usr/sbin/vgscan
usr/sbin/waagent
usr/sbin/xtables-legacy-multi
usr/sbin/xtables-monitor
usr/sbin/xtables-nft-multi
usr/share/aclocal
usr/share/aclocal-1.16
usr/share/autoconf
usr/share/automake-1.16
usr/share/awk
usr/share/bash-completion
usr/share/bison
usr/share/consolefonts
usr/share/consoletrans
usr/share/et
usr/share/gcc-11.2.0
usr/share/gettext
usr/share/groff
usr/share/grub
usr/share/i18n/charmaps/ISO-8859-1.gz
usr/share/i18n/charmaps/UTF-8.gz
usr/share/i18n/locales/en_GB
usr/share/i18n/locales/en_US
usr/share/i18n/locales/POSIX
usr/share/keymaps
usr/share/libtool
usr/share/locale
usr/share/locale/en_GB
usr/share/man/man1/addr2line.1
usr/share/man/man1/asn1parse.1ssl
usr/share/man/man1/base64.1
usr/share/man/man1/basename.1
usr/share/man/man1/bash.1
usr/share/man/man1/bc.1
usr/share/man/man1/busybox.1
usr/share/man/man1/ca.1ssl
usr/share/man/man1/cat.1
usr/share/man/man1/chattr.1
usr/share/man/man1/chgrp.1
usr/share/man/man1/chmod.1
usr/share/man/man1/choom.1
usr/share/man/man1/chown.1
usr/share/man/man1/ciphers.1ssl
usr/share/man/man1/clear.1
usr/share/man/man1/cmp.1
usr/share/man/man1/cms.1ssl
usr/share/man/man1/col.1
usr/share/man/man1/cp.1
usr/share/man/man1/crl.1ssl
usr/share/man/man1/crl2pkcs7.1ssl
usr/share/man/man1/crontab.1
usr/share/man/man1/curl.1
usr/share/man/man1/cut.1
usr/share/man/man1/date.1
usr/share/man/man1/df.1
usr/share/man/man1/dgst.1ssl
usr/share/man/man1/dhparam.1ssl
usr/share/man/man1/dialog.1
usr/share/man/man1/diff.1
usr/share/man/man1/dirname.1
usr/share/man/man1/dmesg.1
usr/share/man/man1/dsa.1ssl
usr/share/man/man1/dsaparam.1ssl
usr/share/man/man1/du.1
usr/share/man/man1/ec.1ssl
usr/share/man/man1/echo.1
usr/share/man/man1/ecparam.1ssl
usr/share/man/man1/efivar.1
usr/share/man/man1/egrep.1
usr/share/man/man1/enc.1ssl
usr/share/man/man1/engine.1ssl
usr/share/man/man1/env.1
usr/share/man/man1/eqn.1
usr/share/man/man1/errstr.1ssl
usr/share/man/man1/expand.1
usr/share/man/man1/expr.1
usr/share/man/man1/false.1
usr/share/man/man1/fgrep.1
usr/share/man/man1/file.1
usr/share/man/man1/find.1
usr/share/man/man1/flock.1
usr/share/man/man1/fmt.1
usr/share/man/man1/free.1
usr/share/man/man1/fuser.1
usr/share/man/man1/gawk.1
usr/share/man/man1/gendsa.1ssl
usr/share/man/man1/genpkey.1ssl
usr/share/man/man1/genrsa.1ssl
usr/share/man/man1/getent.1
usr/share/man/man1/grep.1
usr/share/man/man1/groff.1
usr/share/man/man1/grotty.1
usr/share/man/man1/gunzip.1
usr/share/man/man1/gzip.1
usr/share/man/man1/head.1
usr/share/man/man1/hostname.1
usr/share/man/man1/id.1
usr/share/man/man1/inotifywait.1
usr/share/man/man1/install.1
usr/share/man/man1/iostat.1.xz
usr/share/man/man1/ipcalc.1
usr/share/man/man1/ipcrm.1
usr/share/man/man1/ipcs.1
usr/share/man/man1/kbd_mode.1
usr/share/man/man1/kdestroy.1
usr/share/man/man1/kill.1
usr/share/man/man1/killall.1
usr/share/man/man1/kinit.1
usr/share/man/man1/klist.1
usr/share/man/man1/ldapsearch.1
usr/share/man/man1/less.1
usr/share/man/man1/ln.1
usr/share/man/man1/loadkeys.1
usr/share/man/man1/logger.1
usr/share/man/man1/login.1
usr/share/man/man1/ls.1
usr/share/man/man1/man.1
usr/share/man/man1/mkdir.1
usr/share/man/man1/mkfifo.1
usr/share/man/man1/mknod.1
usr/share/man/man1/more.1
usr/share/man/man1/mountpoint.1
usr/share/man/man1/mpstat.1.xz
usr/share/man/man1/msktutil.1
usr/share/man/man1/mv.1
usr/share/man/man1/neqn.1
usr/share/man/man1/nice.1
usr/share/man/man1/nohup.1
usr/share/man/man1/nping.1
usr/share/man/man1/nroff.1
usr/share/man/man1/nseq.1ssl
usr/share/man/man1/ocsp.1ssl
usr/share/man/man1/omshell.1
usr/share/man/man1/openssl.1ssl
usr/share/man/man1/openssl-asn1parse.1ssl
usr/share/man/man1/openssl-ca.1ssl
usr/share/man/man1/openssl-ciphers.1ssl
usr/share/man/man1/openssl-cms.1ssl
usr/share/man/man1/openssl-c_rehash.1ssl
usr/share/man/man1/openssl-crl.1ssl
usr/share/man/man1/openssl-crl2pkcs7.1ssl
usr/share/man/man1/openssl-dgst.1ssl
usr/share/man/man1/openssl-dhparam.1ssl
usr/share/man/man1/openssl-dsa.1ssl
usr/share/man/man1/openssl-dsaparam.1ssl
usr/share/man/man1/openssl-ec.1ssl
usr/share/man/man1/openssl-ecparam.1ssl
usr/share/man/man1/openssl-enc.1ssl
usr/share/man/man1/openssl-engine.1ssl
usr/share/man/man1/openssl-errstr.1ssl
usr/share/man/man1/openssl-gendsa.1ssl
usr/share/man/man1/openssl-genpkey.1ssl
usr/share/man/man1/openssl-genrsa.1ssl
usr/share/man/man1/openssl-list.1ssl
usr/share/man/man1/openssl-nseq.1ssl
usr/share/man/man1/openssl-ocsp.1ssl
usr/share/man/man1/openssl-passwd.1ssl
usr/share/man/man1/openssl-pkcs12.1ssl
usr/share/man/man1/openssl-pkcs7.1ssl
usr/share/man/man1/openssl-pkcs8.1ssl
usr/share/man/man1/openssl-pkey.1ssl
usr/share/man/man1/openssl-pkeyparam.1ssl
usr/share/man/man1/openssl-pkeyutl.1ssl
usr/share/man/man1/openssl-prime.1ssl
usr/share/man/man1/openssl-rand.1ssl
usr/share/man/man1/openssl-rehash.1ssl
usr/share/man/man1/openssl-req.1ssl
usr/share/man/man1/openssl-rsa.1ssl
usr/share/man/man1/openssl-rsautl.1ssl
usr/share/man/man1/openssl-s_client.1ssl
usr/share/man/man1/openssl-sess_id.1ssl
usr/share/man/man1/openssl-smime.1ssl
usr/share/man/man1/openssl-speed.1ssl
usr/share/man/man1/openssl-spkac.1ssl
usr/share/man/man1/openssl-srp.1ssl
usr/share/man/man1/openssl-s_server.1ssl
usr/share/man/man1/openssl-s_time.1ssl
usr/share/man/man1/openssl-storeutl.1ssl
usr/share/man/man1/openssl-ts.1ssl
usr/share/man/man1/openssl-tsget.1ssl
usr/share/man/man1/openssl-verify.1ssl
usr/share/man/man1/openssl-version.1ssl
usr/share/man/man1/openssl-x509.1ssl
usr/share/man/man1/openvt.1
usr/share/man/man1/passwd.1
usr/share/man/man1/passwd.1ssl
usr/share/man/man1/pic.1
usr/share/man/man1/pidof.1
usr/share/man/man1/pidstat.1.xz
usr/share/man/man1/ping.1
usr/share/man/man1/pkcs12.1ssl
usr/share/man/man1/pkcs7.1ssl
usr/share/man/man1/pkcs8.1ssl
usr/share/man/man1/pkey.1ssl
usr/share/man/man1/pkeyparam.1ssl
usr/share/man/man1/pkeyutl.1ssl
usr/share/man/man1/prime.1ssl
usr/share/man/man1/ps.1
usr/share/man/man1/pwd.1
usr/share/man/man1/python3.1
usr/share/man/man1/rand.1ssl
usr/share/man/man1/readlink.1
usr/share/man/man1/refer.1
usr/share/man/man1/rehash.1ssl
usr/share/man/man1/req.1ssl
usr/share/man/man1/rm.1
usr/share/man/man1/rmdir.1
usr/share/man/man1/rsa.1ssl
usr/share/man/man1/rsautl.1ssl
usr/share/man/man1/rsync.1
usr/share/man/man1/s_client.1ssl
usr/share/man/man1/s_server.1ssl
usr/share/man/man1/s_time.1ssl
usr/share/man/man1/sadf.1.xz
usr/share/man/man1/sar.1.xz
usr/share/man/man1/scp.1
usr/share/man/man1/sed.1
usr/share/man/man1/sess_id.1ssl
usr/share/man/man1/setsid.1
usr/share/man/man1/sleep.1
usr/share/man/man1/smime.1ssl
usr/share/man/man1/snmpcmd.1
usr/share/man/man1/snmpget.1
usr/share/man/man1/snmpgetnext.1
usr/share/man/man1/snmptranslate.1
usr/share/man/man1/snmptrap.1
usr/share/man/man1/sort.1
usr/share/man/man1/speed.1ssl
usr/share/man/man1/spkac.1ssl
usr/share/man/man1/srp.1ssl
usr/share/man/man1/ssh.1
usr/share/man/man1/ssh-keygen.1
usr/share/man/man1/stat.1
usr/share/man/man1/stdbuf.1
usr/share/man/man1/storeutl.1ssl
usr/share/man/man1/stty.1
usr/share/man/man1/su.1
usr/share/man/man1/sync.1
usr/share/man/man1/tac.1
usr/share/man/man1/tail.1
usr/share/man/man1/tar.1
usr/share/man/man1/taskset.1
usr/share/man/man1/tbl.1
usr/share/man/man1/tcpdump.1
usr/share/man/man1/tee.1
usr/share/man/man1/telnet.1
usr/share/man/man1/test.1
usr/share/man/man1/top.1
usr/share/man/man1/touch.1
usr/share/man/man1/tr.1
usr/share/man/man1/traceroute.1
usr/share/man/man1/troff.1
usr/share/man/man1/true.1
usr/share/man/man1/ts.1ssl
usr/share/man/man1/tty.1
usr/share/man/man1/uname.1
usr/share/man/man1/uniq.1
usr/share/man/man1/unxz.1
usr/share/man/man1/utmpdump.1
usr/share/man/man1/verify.1ssl
usr/share/man/man1/version.1ssl
usr/share/man/man1/vim.1
usr/share/man/man1/wc.1
usr/share/man/man1/who.1
usr/share/man/man1/x509.1ssl
usr/share/man/man1/xargs.1
usr/share/man/man1/xz.1
usr/share/man/man5/config.5ssl
usr/share/man/man5/crontab.5
usr/share/man/man5/dhclient.conf.5
usr/share/man/man5/dhclient.leases.5
usr/share/man/man5/dhcpd.conf.5
usr/share/man/man5/dhcpd.leases.5
usr/share/man/man5/dhcp-options.5
usr/share/man/man5/inittab.5
usr/share/man/man5/keepalived.conf.5
usr/share/man/man5/krb5.conf.5
usr/share/man/man5/login.access.5
usr/share/man/man5/login.defs.5
usr/share/man/man5/logrotate.conf.5
usr/share/man/man5/mdadm.conf.5
usr/share/man/man5/modprobe.d.5
usr/share/man/man5/nfs.5
usr/share/man/man5/nfsmount.conf.5
usr/share/man/man5/pam.conf.5
usr/share/man/man5/proc.5
usr/share/man/man5/resolv.conf.5
usr/share/man/man5/rsyslog.conf.5
usr/share/man/man5/slapd.conf.5
usr/share/man/man5/slapd-ldap.5
usr/share/man/man5/slapd-meta.5
usr/share/man/man5/smartd.conf.5
usr/share/man/man5/snmp.conf.5
usr/share/man/man5/snmpd.conf.5
usr/share/man/man5/snmptrapd.conf.5
usr/share/man/man5/ssh_config.5
usr/share/man/man5/sshd_config.5
usr/share/man/man5/sudoers.5
usr/share/man/man5/syslog.conf.5
usr/share/man/man5/x509v3_config.5ssl
usr/share/man/man7/crypto.7ssl
usr/share/man/man7/kerberos.7
usr/share/man/man7/ssl.7ssl
usr/share/man/man7/udev.7
usr/share/man/man8/acpid.8
usr/share/man/man8/agetty.8
usr/share/man/man8/arptables-nft.8
usr/share/man/man8/arptables-nft-restore.8
usr/share/man/man8/arptables-nft-save.8
usr/share/man/man8/blkid.8
usr/share/man/man8/chpasswd.8
usr/share/man/man8/chroot.8
usr/share/man/man8/cron.8
usr/share/man/man8/crond.8
usr/share/man/man8/depmod.8
usr/share/man/man8/dhclient.8
usr/share/man/man8/dhclient-script.8
usr/share/man/man8/dhcpd.8
usr/share/man/man8/dmidecode.8
usr/share/man/man8/e2fsck.8
usr/share/man/man8/efibootmgr.8
usr/share/man/man8/ethtool.8
usr/share/man/man8/fsck.8
usr/share/man/man8/fsck.ext2.8
usr/share/man/man8/fsck.ext3.8
usr/share/man/man8/fsck.ext4.8
usr/share/man/man8/fsck.fat.8
usr/share/man/man8/fsck.vfat.8
usr/share/man/man8/halt.8
usr/share/man/man8/hwclock.8
usr/share/man/man8/ifdown.8
usr/share/man/man8/ifup.8
usr/share/man/man8/init.8
usr/share/man/man8/insmod.8
usr/share/man/man8/ip.8
usr/share/man/man8/ip-address.8
usr/share/man/man8/ip-link.8
usr/share/man/man8/ip-neighbour.8
usr/share/man/man8/ip-route.8
usr/share/man/man8/ip-rule.8
usr/share/man/man8/ipset.8
usr/share/man/man8/iptables.8
usr/share/man/man8/iptables-apply.8
usr/share/man/man8/iptables-extensions.8
usr/share/man/man8/iptables-restore.8
usr/share/man/man8/iptables-restore-translate.8
usr/share/man/man8/iptables-save.8
usr/share/man/man8/iptables-translate.8
usr/share/man/man8/ip-tunnel.8
usr/share/man/man8/ip-xfrm.8
usr/share/man/man8/keepalived.8
usr/share/man/man8/killall5.8
usr/share/man/man8/klogd.8
usr/share/man/man8/logrotate.8
usr/share/man/man8/lsblk.8
usr/share/man/man8/lspci.8
usr/share/man/man8/lsusb.8
usr/share/man/man8/lvcreate.8
usr/share/man/man8/lvdisplay.8
usr/share/man/man8/lvextend.8
usr/share/man/man8/lvm.8
usr/share/man/man8/lvreduce.8
usr/share/man/man8/lvremove.8
usr/share/man/man8/lvresize.8
usr/share/man/man8/mdadm.8
usr/share/man/man8/mkfs.8
usr/share/man/man8/mkfs.ext2.8
usr/share/man/man8/mkfs.ext3.8
usr/share/man/man8/mkfs.ext4.8
usr/share/man/man8/mkfs.fat.8
usr/share/man/man8/mkfs.vfat.8
usr/share/man/man8/mkreiserfs.8
usr/share/man/man8/modprobe.8
usr/share/man/man8/mount.8
usr/share/man/man8/mount.nfs.8
usr/share/man/man8/pam.8
usr/share/man/man8/PAM.8
usr/share/man/man8/pam_mail.8
usr/share/man/man8/pam_group.8
usr/share/man/man8/pam_succeed_if.8
usr/share/man/man8/pam_timestamp.8
usr/share/man/man8/pam_userdb.8
usr/share/man/man8/pam_faillock.8
usr/share/man/man8/pam_localuser.8
usr/share/man/man8/pam_pwhistory.8
usr/share/man/man8/pam_securetty.8
usr/share/man/man8/pam_namespace.8
usr/share/man/man8/pam_debug.8
usr/share/man/man8/pam_umask.8
usr/share/man/man8/pam_deny.8
usr/share/man/man8/pam_nologin.8
usr/share/man/man8/pam_rhosts.8
usr/share/man/man8/pam_access.8
usr/share/man/man8/pam_faildelay.8
usr/share/man/man8/pam_stress.8
usr/share/man/man8/pam_filter.8
usr/share/man/man8/pam_xauth.8
usr/share/man/man8/pam_listfile.8
usr/share/man/man8/pam_motd.8
usr/share/man/man8/pam_exec.8
usr/share/man/man8/pam_wheel.8
usr/share/man/man8/pam_warn.8
usr/share/man/man8/pam_usertype.8
usr/share/man/man8/pam_permit.8
usr/share/man/man8/pam_setquota.8
usr/share/man/man8/pam_echo.8
usr/share/man/man8/pam_shells.8
usr/share/man/man8/pam_loginuid.8
usr/share/man/man8/pam_time.8
usr/share/man/man8/pam_env.8
usr/share/man/man8/pam_ftp.8
usr/share/man/man8/pam_issue.8
usr/share/man/man8/pam_mkhomedir.8
usr/share/man/man8/pam_rootok.8
usr/share/man/man8/pam_namespace_helper.8
usr/share/man/man8/pam_limits.8
usr/share/man/man8/pam_keyinit.8
usr/share/man/man8/pam_timestamp_check.8
usr/share/man/man8/pam_unix.8
usr/share/man/man8/parted.8
usr/share/man/man8/partprobe.8
usr/share/man/man8/poweroff.8
usr/share/man/man8/pvcreate.8
usr/share/man/man8/pvdisplay.8
usr/share/man/man8/reboot.8
usr/share/man/man8/reiserfsck.8
usr/share/man/man8/reiserfstune.8
usr/share/man/man8/resize2fs.8
usr/share/man/man8/resize_reiserfs.8
usr/share/man/man8/rmmod.8
usr/share/man/man8/rsyslogd.8
usr/share/man/man8/runlevel.8
usr/share/man/man8/setfont.8
usr/share/man/man8/shutdown.8
usr/share/man/man8/slapd.8
usr/share/man/man8/slaptest.8
usr/share/man/man8/smartctl.8
usr/share/man/man8/smartd.8
usr/share/man/man8/snmpd.8
usr/share/man/man8/snmptrapd.8
usr/share/man/man8/ss.8
usr/share/man/man8/sshd.8
usr/share/man/man8/sudo.8
usr/share/man/man8/sulogin.8
usr/share/man/man8/swapoff.8
usr/share/man/man8/swapon.8
usr/share/man/man8/sysctl.8
usr/share/man/man8/tc.8
usr/share/man/man8/tc-htb.8
usr/share/man/man8/tc-mirred.8
usr/share/man/man8/tc-prio.8
usr/share/man/man8/tc-sfq.8
usr/share/man/man8/tc-u32.8
usr/share/man/man8/telinit.8
usr/share/man/man8/tmpwatch.8
usr/share/man/man8/tune2fs.8
usr/share/man/man8/udevadm.8
usr/share/man/man8/udevd.8
usr/share/man/man8/umount.8
usr/share/man/man8/useradd.8
usr/share/man/man8/userdel.8
usr/share/man/man8/vgchange.8
usr/share/man/man8/vgcreate.8
usr/share/man/man8/vgdisplay.8
usr/share/man/man8/vgextend.8
usr/share/man/man8/vgreduce.8
usr/share/man/man8/vgremove.8
usr/share/man/man8/vgscan.8
usr/share/man/man8/vmstat.8
usr/share/man/mann/sqlite3.n
usr/share/misc
usr/share/pci.ids.gz
usr/share/smartmontools
usr/share/snmp
usr/share/ss
usr/share/syslinux
usr/share/tabset
usr/share/terminfo
usr/share/texinfo
usr/share/texmf
usr/share/unimaps
usr/share/usb.ids
usr/share/vim
usr/share/zoneinfo
var/cache
var/empty
var/lib
var/local
var/lock
var/log
var/mail
var/opt
var/run
var/spool
var/tmp
