bin/htpasswd
etc/magic
etc/mime.types
etc/rules
etc/unicode.mapping
libexec/httpd.exp
libexec/libphp.so
libexec/mod_access_compat.so
libexec/mod_alias.so
libexec/mod_auth_basic.so
libexec/mod_auth_gssapi.so
libexec/mod_authn_core.so
libexec/mod_authnz_ldap.so
libexec/mod_authz_core.so
libexec/mod_authz_host.so
libexec/mod_authz_user.so
libexec/mod_cache.so
libexec/mod_cache_disk.so
libexec/mod_cgi.so
libexec/mod_dir.so
libexec/mod_deflate.so
libexec/mod_env.so
libexec/mod_filter.so
libexec/mod_headers.so
libexec/mod_headers.so
libexec/mod_lbmethod_bybusyness.so
libexec/mod_lbmethod_byrequests.so
libexec/mod_lbmethod_bytraffic.so
libexec/mod_ldap.so
libexec/mod_log_config.so
libexec/mod_mime.so
libexec/mod_proxy_ajp.so
libexec/mod_proxy_balancer.so
libexec/mod_proxy_connect.so
libexec/mod_proxy_ftp.so
libexec/mod_proxy_http.so
libexec/mod_proxy_scgi.so
libexec/mod_proxy.so
libexec/mod_rewrite.so
libexec/mod_security2.so
libexec/mod_setenvif.so
libexec/mod_slotmem_shm.so
libexec/mod_socache_shmcb.so
libexec/mod_ssl.so
libexec/mod_status.so
libexec/mod_unique_id.so
libexec/mod_unixd.so
man/man1/htpasswd.1
man/man8/apachectl.8
man/man8/htcacheclean.8
man/man8/httpd.8
sbin/apachectl
sbin/htcacheclean
sbin/httpd
sbin/wadmind
share/php
